Archive member included to satisfy reference by file (symbol)

e:/7.0/toolchain/avr8/avr8-gnu-toolchain/bin/../lib/gcc/avr/5.4.0/avr5\libgcc.a(_exit.o)
                              E:/7.0/Packs/atmel/ATmega_DFP/1.7.374/gcc/dev/atmega32/avr5/crtatmega32.o (exit)
e:/7.0/toolchain/avr8/avr8-gnu-toolchain/bin/../lib/gcc/avr/5.4.0/avr5\libgcc.a(_tablejump2.o)
                              MCAL/DIO/DIO.o (__tablejump2__)
e:/7.0/toolchain/avr8/avr8-gnu-toolchain/bin/../lib/gcc/avr/5.4.0/avr5\libgcc.a(_copy_data.o)
                              Application/app.o (__do_copy_data)

Discarded input sections

 .data          0x00000000        0x0 E:/7.0/Packs/atmel/ATmega_DFP/1.7.374/gcc/dev/atmega32/avr5/crtatmega32.o
 .bss           0x00000000        0x0 E:/7.0/Packs/atmel/ATmega_DFP/1.7.374/gcc/dev/atmega32/avr5/crtatmega32.o
 .text          0x00000000        0x0 Application/app.o
 .data          0x00000000        0x0 Application/app.o
 .bss           0x00000000        0x0 Application/app.o
 .data.TIMER_blink
                0x00000000        0x3 Application/app.o
 .text          0x00000000        0x0 HAL/Button/button.o
 .data          0x00000000        0x0 HAL/Button/button.o
 .bss           0x00000000        0x0 HAL/Button/button.o
 .text.button_status
                0x00000000        0x6 HAL/Button/button.o
 .text          0x00000000        0x0 HAL/Led/led.o
 .data          0x00000000        0x0 HAL/Led/led.o
 .bss           0x00000000        0x0 HAL/Led/led.o
 .text          0x00000000        0x0 main.o
 .data          0x00000000        0x0 main.o
 .bss           0x00000000        0x0 main.o
 .text          0x00000000        0x0 MCAL/DIO/DIO.o
 .data          0x00000000        0x0 MCAL/DIO/DIO.o
 .bss           0x00000000        0x0 MCAL/DIO/DIO.o
 .text.DIO_Port_Write
                0x00000000       0x52 MCAL/DIO/DIO.o
 .text.DIO_Port_Read
                0x00000000       0x3c MCAL/DIO/DIO.o
 .text          0x00000000        0x0 MCAL/Interrupt/INTERRUPT.o
 .data          0x00000000        0x0 MCAL/Interrupt/INTERRUPT.o
 .bss           0x00000000        0x0 MCAL/Interrupt/INTERRUPT.o
 .text.Enable_INT1
                0x00000000       0x3c MCAL/Interrupt/INTERRUPT.o
 .text.Enable_INT2
                0x00000000       0x30 MCAL/Interrupt/INTERRUPT.o
 .text          0x00000000        0x0 MCAL/Timer/Timer.o
 .data          0x00000000        0x0 MCAL/Timer/Timer.o
 .bss           0x00000000        0x0 MCAL/Timer/Timer.o
 .text.Timer_Get_FlagStatus
                0x00000000       0xaa MCAL/Timer/Timer.o
 .text          0x00000000        0x0 e:/7.0/toolchain/avr8/avr8-gnu-toolchain/bin/../lib/gcc/avr/5.4.0/avr5\libgcc.a(_exit.o)
 .data          0x00000000        0x0 e:/7.0/toolchain/avr8/avr8-gnu-toolchain/bin/../lib/gcc/avr/5.4.0/avr5\libgcc.a(_exit.o)
 .bss           0x00000000        0x0 e:/7.0/toolchain/avr8/avr8-gnu-toolchain/bin/../lib/gcc/avr/5.4.0/avr5\libgcc.a(_exit.o)
 .text.libgcc.mul
                0x00000000        0x0 e:/7.0/toolchain/avr8/avr8-gnu-toolchain/bin/../lib/gcc/avr/5.4.0/avr5\libgcc.a(_exit.o)
 .text.libgcc.div
                0x00000000        0x0 e:/7.0/toolchain/avr8/avr8-gnu-toolchain/bin/../lib/gcc/avr/5.4.0/avr5\libgcc.a(_exit.o)
 .text.libgcc   0x00000000        0x0 e:/7.0/toolchain/avr8/avr8-gnu-toolchain/bin/../lib/gcc/avr/5.4.0/avr5\libgcc.a(_exit.o)
 .text.libgcc.prologue
                0x00000000        0x0 e:/7.0/toolchain/avr8/avr8-gnu-toolchain/bin/../lib/gcc/avr/5.4.0/avr5\libgcc.a(_exit.o)
 .text.libgcc.builtins
                0x00000000        0x0 e:/7.0/toolchain/avr8/avr8-gnu-toolchain/bin/../lib/gcc/avr/5.4.0/avr5\libgcc.a(_exit.o)
 .text.libgcc.fmul
                0x00000000        0x0 e:/7.0/toolchain/avr8/avr8-gnu-toolchain/bin/../lib/gcc/avr/5.4.0/avr5\libgcc.a(_exit.o)
 .text.libgcc.fixed
                0x00000000        0x0 e:/7.0/toolchain/avr8/avr8-gnu-toolchain/bin/../lib/gcc/avr/5.4.0/avr5\libgcc.a(_exit.o)
 .text          0x00000000        0x0 e:/7.0/toolchain/avr8/avr8-gnu-toolchain/bin/../lib/gcc/avr/5.4.0/avr5\libgcc.a(_tablejump2.o)
 .data          0x00000000        0x0 e:/7.0/toolchain/avr8/avr8-gnu-toolchain/bin/../lib/gcc/avr/5.4.0/avr5\libgcc.a(_tablejump2.o)
 .bss           0x00000000        0x0 e:/7.0/toolchain/avr8/avr8-gnu-toolchain/bin/../lib/gcc/avr/5.4.0/avr5\libgcc.a(_tablejump2.o)
 .text.libgcc.mul
                0x00000000        0x0 e:/7.0/toolchain/avr8/avr8-gnu-toolchain/bin/../lib/gcc/avr/5.4.0/avr5\libgcc.a(_tablejump2.o)
 .text.libgcc.div
                0x00000000        0x0 e:/7.0/toolchain/avr8/avr8-gnu-toolchain/bin/../lib/gcc/avr/5.4.0/avr5\libgcc.a(_tablejump2.o)
 .text.libgcc.prologue
                0x00000000        0x0 e:/7.0/toolchain/avr8/avr8-gnu-toolchain/bin/../lib/gcc/avr/5.4.0/avr5\libgcc.a(_tablejump2.o)
 .text.libgcc.builtins
                0x00000000        0x0 e:/7.0/toolchain/avr8/avr8-gnu-toolchain/bin/../lib/gcc/avr/5.4.0/avr5\libgcc.a(_tablejump2.o)
 .text.libgcc.fmul
                0x00000000        0x0 e:/7.0/toolchain/avr8/avr8-gnu-toolchain/bin/../lib/gcc/avr/5.4.0/avr5\libgcc.a(_tablejump2.o)
 .text.libgcc.fixed
                0x00000000        0x0 e:/7.0/toolchain/avr8/avr8-gnu-toolchain/bin/../lib/gcc/avr/5.4.0/avr5\libgcc.a(_tablejump2.o)
 .text          0x00000000        0x0 e:/7.0/toolchain/avr8/avr8-gnu-toolchain/bin/../lib/gcc/avr/5.4.0/avr5\libgcc.a(_copy_data.o)
 .data          0x00000000        0x0 e:/7.0/toolchain/avr8/avr8-gnu-toolchain/bin/../lib/gcc/avr/5.4.0/avr5\libgcc.a(_copy_data.o)
 .bss           0x00000000        0x0 e:/7.0/toolchain/avr8/avr8-gnu-toolchain/bin/../lib/gcc/avr/5.4.0/avr5\libgcc.a(_copy_data.o)
 .text.libgcc.mul
                0x00000000        0x0 e:/7.0/toolchain/avr8/avr8-gnu-toolchain/bin/../lib/gcc/avr/5.4.0/avr5\libgcc.a(_copy_data.o)
 .text.libgcc.div
                0x00000000        0x0 e:/7.0/toolchain/avr8/avr8-gnu-toolchain/bin/../lib/gcc/avr/5.4.0/avr5\libgcc.a(_copy_data.o)
 .text.libgcc   0x00000000        0x0 e:/7.0/toolchain/avr8/avr8-gnu-toolchain/bin/../lib/gcc/avr/5.4.0/avr5\libgcc.a(_copy_data.o)
 .text.libgcc.prologue
                0x00000000        0x0 e:/7.0/toolchain/avr8/avr8-gnu-toolchain/bin/../lib/gcc/avr/5.4.0/avr5\libgcc.a(_copy_data.o)
 .text.libgcc.builtins
                0x00000000        0x0 e:/7.0/toolchain/avr8/avr8-gnu-toolchain/bin/../lib/gcc/avr/5.4.0/avr5\libgcc.a(_copy_data.o)
 .text.libgcc.fmul
                0x00000000        0x0 e:/7.0/toolchain/avr8/avr8-gnu-toolchain/bin/../lib/gcc/avr/5.4.0/avr5\libgcc.a(_copy_data.o)
 .text.libgcc.fixed
                0x00000000        0x0 e:/7.0/toolchain/avr8/avr8-gnu-toolchain/bin/../lib/gcc/avr/5.4.0/avr5\libgcc.a(_copy_data.o)

Memory Configuration

Name             Origin             Length             Attributes
text             0x00000000         0x00008000         xr
data             0x00800060         0x00000800         rw !x
eeprom           0x00810000         0x00000400         rw !x
fuse             0x00820000         0x00000002         rw !x
lock             0x00830000         0x00000400         rw !x
signature        0x00840000         0x00000400         rw !x
user_signatures  0x00850000         0x00000400         rw !x
*default*        0x00000000         0xffffffff

Linker script and memory map

LOAD E:/7.0/Packs/atmel/ATmega_DFP/1.7.374/gcc/dev/atmega32/avr5/crtatmega32.o
LOAD Application/app.o
LOAD HAL/Button/button.o
LOAD HAL/Led/led.o
LOAD main.o
LOAD MCAL/DIO/DIO.o
LOAD MCAL/Interrupt/INTERRUPT.o
LOAD MCAL/Timer/Timer.o
START GROUP
LOAD e:/7.0/toolchain/avr8/avr8-gnu-toolchain/bin/../lib/gcc/avr/5.4.0/../../../../avr/lib/avr5\libm.a
END GROUP
START GROUP
LOAD e:/7.0/toolchain/avr8/avr8-gnu-toolchain/bin/../lib/gcc/avr/5.4.0/avr5\libgcc.a
LOAD e:/7.0/toolchain/avr8/avr8-gnu-toolchain/bin/../lib/gcc/avr/5.4.0/../../../../avr/lib/avr5\libm.a
LOAD e:/7.0/toolchain/avr8/avr8-gnu-toolchain/bin/../lib/gcc/avr/5.4.0/../../../../avr/lib/avr5\libc.a
LOAD E:/7.0/Packs/atmel/ATmega_DFP/1.7.374/gcc/dev/atmega32/avr5\libatmega32.a
END GROUP
                0x00000000                __TEXT_REGION_ORIGIN__ = DEFINED (__TEXT_REGION_ORIGIN__)?__TEXT_REGION_ORIGIN__:0x0
                [0x00800060]                __DATA_REGION_ORIGIN__ = DEFINED (__DATA_REGION_ORIGIN__)?__DATA_REGION_ORIGIN__:0x800060
                [0x00008000]                __TEXT_REGION_LENGTH__ = DEFINED (__TEXT_REGION_LENGTH__)?__TEXT_REGION_LENGTH__:0x20000
                [0x00000800]                __DATA_REGION_LENGTH__ = DEFINED (__DATA_REGION_LENGTH__)?__DATA_REGION_LENGTH__:0xffa0
                [0x00000400]                __EEPROM_REGION_LENGTH__ = DEFINED (__EEPROM_REGION_LENGTH__)?__EEPROM_REGION_LENGTH__:0x10000
                [0x00000002]                __FUSE_REGION_LENGTH__ = DEFINED (__FUSE_REGION_LENGTH__)?__FUSE_REGION_LENGTH__:0x400
                0x00000400                __LOCK_REGION_LENGTH__ = DEFINED (__LOCK_REGION_LENGTH__)?__LOCK_REGION_LENGTH__:0x400
                0x00000400                __SIGNATURE_REGION_LENGTH__ = DEFINED (__SIGNATURE_REGION_LENGTH__)?__SIGNATURE_REGION_LENGTH__:0x400
                0x00000400                __USER_SIGNATURE_REGION_LENGTH__ = DEFINED (__USER_SIGNATURE_REGION_LENGTH__)?__USER_SIGNATURE_REGION_LENGTH__:0x400

.hash
 *(.hash)

.dynsym
 *(.dynsym)

.dynstr
 *(.dynstr)

.gnu.version
 *(.gnu.version)

.gnu.version_d
 *(.gnu.version_d)

.gnu.version_r
 *(.gnu.version_r)

.rel.init
 *(.rel.init)

.rela.init
 *(.rela.init)

.rel.text
 *(.rel.text)
 *(.rel.text.*)
 *(.rel.gnu.linkonce.t*)

.rela.text
 *(.rela.text)
 *(.rela.text.*)
 *(.rela.gnu.linkonce.t*)

.rel.fini
 *(.rel.fini)

.rela.fini
 *(.rela.fini)

.rel.rodata
 *(.rel.rodata)
 *(.rel.rodata.*)
 *(.rel.gnu.linkonce.r*)

.rela.rodata
 *(.rela.rodata)
 *(.rela.rodata.*)
 *(.rela.gnu.linkonce.r*)

.rel.data
 *(.rel.data)
 *(.rel.data.*)
 *(.rel.gnu.linkonce.d*)

.rela.data
 *(.rela.data)
 *(.rela.data.*)
 *(.rela.gnu.linkonce.d*)

.rel.ctors
 *(.rel.ctors)

.rela.ctors
 *(.rela.ctors)

.rel.dtors
 *(.rel.dtors)

.rela.dtors
 *(.rela.dtors)

.rel.got
 *(.rel.got)

.rela.got
 *(.rela.got)

.rel.bss
 *(.rel.bss)

.rela.bss
 *(.rela.bss)

.rel.plt
 *(.rel.plt)

.rela.plt
 *(.rela.plt)

.text           0x00000000     0x104e
 *(.vectors)
 .vectors       0x00000000       0x54 E:/7.0/Packs/atmel/ATmega_DFP/1.7.374/gcc/dev/atmega32/avr5/crtatmega32.o
                0x00000000                __vector_default
                0x00000000                __vectors
 *(.vectors)
 *(.progmem.gcc*)
 .progmem.gcc_sw_table.DIO_Pin_Write
                0x00000054       0x80 MCAL/DIO/DIO.o
 .progmem.gcc_sw_table.DIO_Pin_Init
                0x000000d4       0x80 MCAL/DIO/DIO.o
                0x00000154                . = ALIGN (0x2)
                0x00000154                __trampolines_start = .
 *(.trampolines)
 .trampolines   0x00000154        0x0 linker stubs
 *(.trampolines*)
                0x00000154                __trampolines_end = .
 *libprintf_flt.a:*(.progmem.data)
 *libc.a:*(.progmem.data)
 *(.progmem*)
                0x00000154                . = ALIGN (0x2)
 *(.jumptables)
 *(.jumptables*)
 *(.lowtext)
 *(.lowtext*)
                0x00000154                __ctors_start = .
 *(.ctors)
                0x00000154                __ctors_end = .
                0x00000154                __dtors_start = .
 *(.dtors)
                0x00000154                __dtors_end = .
 SORT(*)(.ctors)
 SORT(*)(.dtors)
 *(.init0)
 .init0         0x00000154        0x0 E:/7.0/Packs/atmel/ATmega_DFP/1.7.374/gcc/dev/atmega32/avr5/crtatmega32.o
                0x00000154                __init
 *(.init0)
 *(.init1)
 *(.init1)
 *(.init2)
 .init2         0x00000154        0xc E:/7.0/Packs/atmel/ATmega_DFP/1.7.374/gcc/dev/atmega32/avr5/crtatmega32.o
 *(.init2)
 *(.init3)
 *(.init3)
 *(.init4)
 .init4         0x00000160       0x16 e:/7.0/toolchain/avr8/avr8-gnu-toolchain/bin/../lib/gcc/avr/5.4.0/avr5\libgcc.a(_copy_data.o)
                0x00000160                __do_copy_data
 *(.init4)
 *(.init5)
 *(.init5)
 *(.init6)
 *(.init6)
 *(.init7)
 *(.init7)
 *(.init8)
 *(.init8)
 *(.init9)
 .init9         0x00000176        0x8 E:/7.0/Packs/atmel/ATmega_DFP/1.7.374/gcc/dev/atmega32/avr5/crtatmega32.o
 *(.init9)
 *(.text)
 .text          0x0000017e        0x4 E:/7.0/Packs/atmel/ATmega_DFP/1.7.374/gcc/dev/atmega32/avr5/crtatmega32.o
                0x0000017e                __vector_12
                0x0000017e                __bad_interrupt
                0x0000017e                __vector_6
                0x0000017e                __vector_3
                0x0000017e                __vector_11
                0x0000017e                __vector_13
                0x0000017e                __vector_17
                0x0000017e                __vector_19
                0x0000017e                __vector_7
                0x0000017e                __vector_5
                0x0000017e                __vector_4
                0x0000017e                __vector_9
                0x0000017e                __vector_2
                0x0000017e                __vector_15
                0x0000017e                __vector_8
                0x0000017e                __vector_14
                0x0000017e                __vector_10
                0x0000017e                __vector_16
                0x0000017e                __vector_18
                0x0000017e                __vector_20
                0x00000182                . = ALIGN (0x2)
 *(.text.*)
 .text.app_init
                0x00000182       0x10 Application/app.o
                0x00000182                app_init
 .text.normal_cycle
                0x00000192       0x3e Application/app.o
                0x00000192                normal_cycle
 .text.app_start
                0x000001d0        0x6 Application/app.o
                0x000001d0                app_start
 .text.R_To_Y   0x000001d6       0x3e Application/app.o
                0x000001d6                R_To_Y
 .text.Y_To_G   0x00000214       0x3a Application/app.o
                0x00000214                Y_To_G
 .text.G_To_Y   0x0000024e       0x3a Application/app.o
                0x0000024e                G_To_Y
 .text.button_init
                0x00000288        0x8 HAL/Button/button.o
                0x00000288                button_init
 .text.init_interrupt_traffic
                0x00000290        0x8 HAL/Button/button.o
                0x00000290                init_interrupt_traffic
 .text.CAR_init
                0x00000298        0x8 HAL/Led/led.o
                0x00000298                CAR_init
 .text.PERSON_init
                0x000002a0        0x8 HAL/Led/led.o
                0x000002a0                PERSON_init
 .text.LED_on   0x000002a8        0x8 HAL/Led/led.o
                0x000002a8                LED_on
 .text.LED_off  0x000002b0        0x8 HAL/Led/led.o
                0x000002b0                LED_off
 .text.LED_blink
                0x000002b8       0x2c HAL/Led/led.o
                0x000002b8                LED_blink
 .text.Traffic_init
                0x000002e4        0xe HAL/Led/led.o
                0x000002e4                Traffic_init
 .text.CAR_start
                0x000002f2       0x26 HAL/Led/led.o
                0x000002f2                CAR_start
 .text.PERSON_start
                0x00000318       0x26 HAL/Led/led.o
                0x00000318                PERSON_start
 .text.changing_cycle
                0x0000033e       0x22 HAL/Led/led.o
                0x0000033e                changing_cycle
 .text.main     0x00000360       0x12 main.o
                0x00000360                main
 .text.__vector_1
                0x00000372       0xa8 main.o
                0x00000372                __vector_1
 .text.DIO_Pin_Write
                0x0000041a      0x35a MCAL/DIO/DIO.o
                0x0000041a                DIO_Pin_Write
 .text.DIO_Pin_Read
                0x00000774       0xf6 MCAL/DIO/DIO.o
                0x00000774                DIO_Pin_Read
 .text.DIO_Pin_Init
                0x0000086a      0x35a MCAL/DIO/DIO.o
                0x0000086a                DIO_Pin_Init
 .text.DIO_Port_Direction
                0x00000bc4       0x52 MCAL/DIO/DIO.o
                0x00000bc4                DIO_Port_Direction
 .text.Enable_INT
                0x00000c16        0xa MCAL/Interrupt/INTERRUPT.o
                0x00000c16                Enable_INT
 .text.Enable_INT0
                0x00000c20       0x3c MCAL/Interrupt/INTERRUPT.o
                0x00000c20                Enable_INT0
 .text.Disable_INT
                0x00000c5c        0x6 MCAL/Interrupt/INTERRUPT.o
                0x00000c5c                Disable_INT
 .text.Timer_Init
                0x00000c62      0x240 MCAL/Timer/Timer.o
                0x00000c62                Timer_Init
 .text.Timer_Start
                0x00000ea2       0x88 MCAL/Timer/Timer.o
                0x00000ea2                Timer_Start
 .text.Timer_Stop
                0x00000f2a       0x2e MCAL/Timer/Timer.o
                0x00000f2a                Timer_Stop
 .text.Timer_Reset
                0x00000f58       0x36 MCAL/Timer/Timer.o
                0x00000f58                Timer_Reset
 .text.delay_5sec
                0x00000f8e       0x4a MCAL/Timer/Timer.o
                0x00000f8e                delay_5sec
 .text.delay_half_sec
                0x00000fd8       0x66 MCAL/Timer/Timer.o
                0x00000fd8                delay_half_sec
 .text.libgcc   0x0000103e        0xc e:/7.0/toolchain/avr8/avr8-gnu-toolchain/bin/../lib/gcc/avr/5.4.0/avr5\libgcc.a(_tablejump2.o)
                0x0000103e                __tablejump2__
                0x0000104a                . = ALIGN (0x2)
 *(.fini9)
 .fini9         0x0000104a        0x0 e:/7.0/toolchain/avr8/avr8-gnu-toolchain/bin/../lib/gcc/avr/5.4.0/avr5\libgcc.a(_exit.o)
                0x0000104a                _exit
                0x0000104a                exit
 *(.fini9)
 *(.fini8)
 *(.fini8)
 *(.fini7)
 *(.fini7)
 *(.fini6)
 *(.fini6)
 *(.fini5)
 *(.fini5)
 *(.fini4)
 *(.fini4)
 *(.fini3)
 *(.fini3)
 *(.fini2)
 *(.fini2)
 *(.fini1)
 *(.fini1)
 *(.fini0)
 .fini0         0x0000104a        0x4 e:/7.0/toolchain/avr8/avr8-gnu-toolchain/bin/../lib/gcc/avr/5.4.0/avr5\libgcc.a(_exit.o)
 *(.fini0)
                0x0000104e                _etext = .

.data           0x00800060        0x0 load address 0x0000104e
                0x00800060                PROVIDE (__data_start, .)
 *(.data)
 *(.data*)
 *(.gnu.linkonce.d*)
 *(.rodata)
 *(.rodata*)
 *(.gnu.linkonce.r*)
                0x00800060                . = ALIGN (0x2)
                0x00800060                _edata = .
                0x00800060                PROVIDE (__data_end, .)

.bss            0x00800060        0x0
                [!provide]                PROVIDE (__bss_start, .)
 *(.bss)
 *(.bss*)
 *(COMMON)
                [!provide]                PROVIDE (__bss_end, .)
                0x0000104e                __data_load_start = LOADADDR (.data)
                0x0000104e                __data_load_end = (__data_load_start + SIZEOF (.data))

.noinit         0x00800060        0x0
                [!provide]                PROVIDE (__noinit_start, .)
 *(.noinit*)
                [!provide]                PROVIDE (__noinit_end, .)
                0x00800060                _end = .
                [!provide]                PROVIDE (__heap_start, .)

.eeprom         0x00810000        0x0
 *(.eeprom*)
                0x00810000                __eeprom_end = .

.fuse
 *(.fuse)
 *(.lfuse)
 *(.hfuse)
 *(.efuse)

.lock
 *(.lock*)

.signature
 *(.signature*)

.user_signatures
 *(.user_signatures*)

.stab
 *(.stab)

.stabstr
 *(.stabstr)

.stab.excl
 *(.stab.excl)

.stab.exclstr
 *(.stab.exclstr)

.stab.index
 *(.stab.index)

.stab.indexstr
 *(.stab.indexstr)

.comment        0x00000000       0x30
 *(.comment)
 .comment       0x00000000       0x30 Application/app.o
                                 0x31 (size before relaxing)
 .comment       0x00000030       0x31 HAL/Button/button.o
 .comment       0x00000030       0x31 HAL/Led/led.o
 .comment       0x00000030       0x31 main.o
 .comment       0x00000030       0x31 MCAL/DIO/DIO.o
 .comment       0x00000030       0x31 MCAL/Interrupt/INTERRUPT.o
 .comment       0x00000030       0x31 MCAL/Timer/Timer.o

.note.gnu.avr.deviceinfo
                0x00000000       0x3c
 .note.gnu.avr.deviceinfo
                0x00000000       0x3c E:/7.0/Packs/atmel/ATmega_DFP/1.7.374/gcc/dev/atmega32/avr5/crtatmega32.o

.note.gnu.build-id
 *(.note.gnu.build-id)

.debug
 *(.debug)

.line
 *(.line)

.debug_srcinfo
 *(.debug_srcinfo)

.debug_sfnames
 *(.debug_sfnames)

.debug_aranges  0x00000000      0x1d8
 *(.debug_aranges)
 .debug_aranges
                0x00000000       0x48 Application/app.o
 .debug_aranges
                0x00000048       0x30 HAL/Button/button.o
 .debug_aranges
                0x00000078       0x60 HAL/Led/led.o
 .debug_aranges
                0x000000d8       0x28 main.o
 .debug_aranges
                0x00000100       0x48 MCAL/DIO/DIO.o
 .debug_aranges
                0x00000148       0x40 MCAL/Interrupt/INTERRUPT.o
 .debug_aranges
                0x00000188       0x50 MCAL/Timer/Timer.o

.debug_pubnames
 *(.debug_pubnames)

.debug_info     0x00000000     0x15a0
 *(.debug_info .gnu.linkonce.wi.*)
 .debug_info    0x00000000      0x4e6 E:/7.0/Packs/atmel/ATmega_DFP/1.7.374/gcc/dev/atmega32/avr5/crtatmega32.o
 .debug_info    0x000004e6      0x36a Application/app.o
 .debug_info    0x00000850      0x12f HAL/Button/button.o
 .debug_info    0x0000097f      0x3f2 HAL/Led/led.o
 .debug_info    0x00000d71      0x204 main.o
 .debug_info    0x00000f75      0x1f4 MCAL/DIO/DIO.o
 .debug_info    0x00001169      0x150 MCAL/Interrupt/INTERRUPT.o
 .debug_info    0x000012b9      0x2e7 MCAL/Timer/Timer.o

.debug_abbrev   0x00000000      0xaef
 *(.debug_abbrev)
 .debug_abbrev  0x00000000      0x4a3 E:/7.0/Packs/atmel/ATmega_DFP/1.7.374/gcc/dev/atmega32/avr5/crtatmega32.o
 .debug_abbrev  0x000004a3       0xf3 Application/app.o
 .debug_abbrev  0x00000596       0xb0 HAL/Button/button.o
 .debug_abbrev  0x00000646       0xfc HAL/Led/led.o
 .debug_abbrev  0x00000742       0xc2 main.o
 .debug_abbrev  0x00000804      0x111 MCAL/DIO/DIO.o
 .debug_abbrev  0x00000915       0xae MCAL/Interrupt/INTERRUPT.o
 .debug_abbrev  0x000009c3      0x12c MCAL/Timer/Timer.o

.debug_line     0x00000000     0x1abf
 *(.debug_line .debug_line.* .debug_line_end)
 .debug_line    0x00000000      0x116 E:/7.0/Packs/atmel/ATmega_DFP/1.7.374/gcc/dev/atmega32/avr5/crtatmega32.o
 .debug_line    0x00000116      0x31d Application/app.o
 .debug_line    0x00000433       0xcb HAL/Button/button.o
 .debug_line    0x000004fe      0x1c2 HAL/Led/led.o
 .debug_line    0x000006c0      0x14e main.o
 .debug_line    0x0000080e      0xb21 MCAL/DIO/DIO.o
 .debug_line    0x0000132f      0x19d MCAL/Interrupt/INTERRUPT.o
 .debug_line    0x000014cc      0x5f3 MCAL/Timer/Timer.o

.debug_frame    0x00000000      0x3dc
 *(.debug_frame)
 .debug_frame   0x00000000       0xa4 Application/app.o
 .debug_frame   0x000000a4       0x44 HAL/Button/button.o
 .debug_frame   0x000000e8       0xb0 HAL/Led/led.o
 .debug_frame   0x00000198       0x8c main.o
 .debug_frame   0x00000224       0x8c MCAL/DIO/DIO.o
 .debug_frame   0x000002b0       0x7c MCAL/Interrupt/INTERRUPT.o
 .debug_frame   0x0000032c       0xb0 MCAL/Timer/Timer.o

.debug_str      0x00000000      0x670
 *(.debug_str)
 .debug_str     0x00000000      0x196 E:/7.0/Packs/atmel/ATmega_DFP/1.7.374/gcc/dev/atmega32/avr5/crtatmega32.o
 .debug_str     0x00000196      0x20f Application/app.o
                                0x22e (size before relaxing)
 .debug_str     0x000003a5       0x4c HAL/Button/button.o
                                0x1a6 (size before relaxing)
 .debug_str     0x000003f1       0x7e HAL/Led/led.o
                                0x1ec (size before relaxing)
 .debug_str     0x0000046f       0x83 main.o
                                0x21a (size before relaxing)
 .debug_str     0x000004f2       0x5f MCAL/DIO/DIO.o
                                0x1ef (size before relaxing)
 .debug_str     0x00000551       0x64 MCAL/Interrupt/INTERRUPT.o
                                0x1b7 (size before relaxing)
 .debug_str     0x000005b5       0xbb MCAL/Timer/Timer.o
                                0x24c (size before relaxing)

.debug_loc      0x00000000     0x131f
 *(.debug_loc)
 .debug_loc     0x00000000      0x1dc Application/app.o
 .debug_loc     0x000001dc       0x68 HAL/Button/button.o
 .debug_loc     0x00000244      0x10b HAL/Led/led.o
 .debug_loc     0x0000034f       0xfe main.o
 .debug_loc     0x0000044d      0xaa4 MCAL/DIO/DIO.o
 .debug_loc     0x00000ef1       0xea MCAL/Interrupt/INTERRUPT.o
 .debug_loc     0x00000fdb      0x344 MCAL/Timer/Timer.o

.debug_macinfo
 *(.debug_macinfo)

.debug_weaknames
 *(.debug_weaknames)

.debug_funcnames
 *(.debug_funcnames)

.debug_typenames
 *(.debug_typenames)

.debug_varnames
 *(.debug_varnames)

.debug_pubtypes
 *(.debug_pubtypes)

.debug_ranges   0x00000000      0x168
 *(.debug_ranges)
 .debug_ranges  0x00000000       0x38 Application/app.o
 .debug_ranges  0x00000038       0x20 HAL/Button/button.o
 .debug_ranges  0x00000058       0x50 HAL/Led/led.o
 .debug_ranges  0x000000a8       0x18 main.o
 .debug_ranges  0x000000c0       0x38 MCAL/DIO/DIO.o
 .debug_ranges  0x000000f8       0x30 MCAL/Interrupt/INTERRUPT.o
 .debug_ranges  0x00000128       0x40 MCAL/Timer/Timer.o

.debug_macro
 *(.debug_macro)
OUTPUT(GccApplication1.elf elf32-avr)
LOAD linker stubs
